src/components/layout/AnimatedBackground.tsx(3,1): error TS6133: 'cn' is declared but its value is never read.
